// Vitest Snapshot v1, https://vitest.dev/guide/snapshot.html

exports[`NavBar component > NavBar elements snapshot 1`] = `
[
  {
    "isEnabled": true,
    "key": "home",
    "url": "/",
  },
  {
    "isEnabled": false,
    "key": "pomodoro",
    "url": "/pomodoro",
  },
  {
    "isEnabled": false,
    "key": "notifications",
    "url": "/notifications",
  },
  {
    "isEnabled": false,
    "key": "settings",
    "url": "/settings",
  },
  {
    "isEnabled": false,
    "key": "stats",
    "url": "/stats",
  },
  {
    "isEnabled": false,
    "key": "challenges",
    "url": "/challenges",
  },
  {
    "isEnabled": false,
    "key": "export",
    "url": "/export",
  },
  {
    "isEnabled": false,
    "key": "help",
    "url": "/help",
  },
]
`;
